C51 COMPILER V9.54   MAIN                                                                  08/13/2024 15:20:44 PAGE 1   


C51 COMPILER V9.54, COMPILATION OF MODULE MAIN
OBJECT MODULE PLACED IN .\Objects\main.obj
COMPILER INVOKED BY: F:\keli5\C51\BIN\C51.EXE main.c OPTIMIZE(8,SPEED) BROWSE DEBUG OBJECTEXTEND PRINT(.\Listings\main.l
                    -st) TABS(2) OBJECT(.\Objects\main.obj)

line level    source

   1          #include <REGX52.H>
   2          #include "Delay.h"
   3          #include "LCD1602.h"
   4          #include "MatrixKey.h"
   5          
   6          unsigned char KeyNum;
   7          unsigned int Password,Count;//储存密码和读取个数
   8          
   9          void main()
  10          {
  11   1        LCD_Init();
  12   1        LCD_ShowString(1,1,"Password:");
  13   1          while(1)
  14   1          {
  15   2              KeyNum=MatrixKey();//先接受扫描回来的数字 然后存起来
  16   2              if(KeyNum)//如果数字不为0，必要的判断，不然进入下一个循环，MatrixKey函数会把keynum变成0；导致显示00
  17   2              {
  18   3                if(KeyNum<=10)//如果s1-s10按键（表示1 2 3 4 5 6 7 8 9 0）按下，输入密码
  19   3                {
  20   4                    if(Count<4)//输入四个数字才读入，按下第五个数字就不读了
  21   4                    {
  22   5                      Password*=10;//密码左移一位，我们的密码是四位数，但是读取的时候是一位一位的读取，所以左移保存
  23   5                      Password+=KeyNum%10;//这个主要是在KeyNum=10的时候 把10转化成0的 也是获取一位密码
  24   5                    }
  25   4                    Count++;//计次加一
  26   4                } 
  27   3                
  28   3                
  29   3                //另一种情况 如果s11-s16按下 表示11-16 那就password不存起来，LCD也就不会显示出来
  30   3                
  31   3                
  32   3                if(KeyNum==11)//把s11按键设立成确认按键
  33   3                {
  34   4                  if(Password==2345)//正确的密码
  35   4                  {
  36   5                    LCD_ShowString(1,14,"OK ");//密码正确就显示OK
  37   5                    Password=0;//密码清零
  38   5                    Count=0;//计次清零
  39   5                    LCD_ShowNum(2,1,Password,4);//显示清零
  40   5                  }
  41   4                  else
  42   4                  {
  43   5                    LCD_ShowString(1,14,"ERR");//否则显示ERR
  44   5                    Password=0;//密码清零
  45   5                    Count=0;//计次清零
  46   5                    LCD_ShowNum(2,1,Password,4);//显示清零
  47   5                  }
  48   4                  
  49   4                  
  50   4                }
  51   3                if(KeyNum==12)//把s12按键设立成取消按键
  52   3                {
  53   4                  
  54   4                  
C51 COMPILER V9.54   MAIN                                                                  08/13/2024 15:20:44 PAGE 2   

  55   4                    Password=0;//密码清零
  56   4                    Count=0;//计次清零
  57   4                    LCD_ShowNum(2,1,Password,4);//显示清零
  58   4                
  59   4                }
  60   3                
  61   3                LCD_ShowNum(2,1,Password,4);//在数码管上显示该数字（password）
  62   3              }
  63   2          }
  64   1      
  65   1      
  66   1      }


MODULE INFORMATION:   STATIC OVERLAYABLE
   CODE SIZE        =    186    ----
   CONSTANT SIZE    =     18    ----
   XDATA SIZE       =   ----    ----
   PDATA SIZE       =   ----    ----
   DATA SIZE        =      5    ----
   IDATA SIZE       =   ----    ----
   BIT SIZE         =   ----    ----
END OF MODULE INFORMATION.


C51 COMPILATION COMPLETE.  0 WARNING(S),  0 ERROR(S)
