C51 COMPILER V9.54   UART                                                                  08/14/2024 23:45:37 PAGE 1   


C51 COMPILER V9.54, COMPILATION OF MODULE UART
OBJECT MODULE PLACED IN .\Objects\UART.obj
COMPILER INVOKED BY: F:\keli5\C51\BIN\C51.EXE UART.c OPTIMIZE(8,SPEED) BROWSE DEBUG OBJECTEXTEND PRINT(.\Listings\UART.l
                    -st) TABS(2) OBJECT(.\Objects\UART.obj)

line level    source

   1          #include <REGX52.H>
   2          /**
   3            * @brief  串口初始化  4800bps@11.0592MHz
   4            * @param  无
   5            * @retval 无
   6            */
   7          void UartInit(void)   
   8          {
   9   1        PCON |= 0x80;   //使能波特率倍速位SMOD
  10   1        SCON = 0x50;    //8位数据,可变波特率
  11   1        TMOD &= 0x0F;   //清除定时器1模式位
  12   1        TMOD |= 0x20;   //设定定时器1为8位自动重装方式
  13   1        TL1 = 0xF4;   //设定定时初值
  14   1        TH1 = 0xF4;   //设定定时器重装值
  15   1        ET1 = 0;    //禁止定时器1中断
  16   1        TR1 = 1;    //启动定时器1
  17   1        EA=1;
  18   1        ES=1;
  19   1      }
  20          /**
  21            * @brief  串口发送一个字节数据
  22            * @param  Byte是要发送的一个字节数据
  23            * @retval 无
  24            */
  25          void UART_SendByte(unsigned char Byte)
  26          {
  27   1        SBUF=Byte;
  28   1        while(TI==0);
  29   1        TI=0;
  30   1      }
  31          
  32          //串口中断函数模板
  33          //void UART_Routine() interrupt 4//4表示串口中断
  34          //{
  35          //  if(RI==1)//判断如果是接受中断 因为发送(TI)也会中断
  36          //  {
  37          //    ///////////////P2=~SBUF;//SBUF是读出来的数据
  38          //    ///////////////UART_SendByte(SBUF);//写在中断里面，不能同时又写在主函数
  39          //    RI=0;
  40          //  }
  41          //}


MODULE INFORMATION:   STATIC OVERLAYABLE
   CODE SIZE        =     35    ----
   CONSTANT SIZE    =   ----    ----
   XDATA SIZE       =   ----    ----
   PDATA SIZE       =   ----    ----
   DATA SIZE        =   ----    ----
   IDATA SIZE       =   ----    ----
   BIT SIZE         =   ----    ----
END OF MODULE INFORMATION.


C51 COMPILATION COMPLETE.  0 WARNING(S),  0 ERROR(S)
